// Jest Snapshot v1, https://goo.gl/fbAQLP

exports[`loads 1`] = `
<ContextProvider
  value={
    Object {
      "clear": [Function],
      "currentUser": Object {
        "email": "volunteer@example.com",
        "id": "1",
        "isAdmin": true,
        "name": "Craig Day",
        "house": Object {
          "id": "1",
          "identifier": "san_francisco",
          "name": "San Francisco",
        },
        "photo": "https://example.com/photo.jpg",
      },
      "setHouse": [Function],
      "setPreference": [Function],
    }
  }
>
  <FilterContextProvider
    user={
      Object {
        "email": "volunteer@example.com",
        "id": "1",
        "isAdmin": true,
        "name": "Craig Day",
        "house": Object {
          "id": "1",
          "identifier": "san_francisco",
          "name": "San Francisco",
        },
        "photo": "https://example.com/photo.jpg",
      }
    }
  >
    <withI18nextTranslation(Calendar)
      currentPath="/"
      eventPopover={Object {}}
      events={Array []}
      loadMoreEvents={[Function]}
      loading={false}
      togglePopover={[Function]}
    />
  </FilterContextProvider>
</ContextProvider>
`;
